#######  stubs\base.yaml  #####################################

- request:
    url: ^/api/Auth/login
    method: POST
  response:
    status: 200
    file: ./login/login.json

- request:
    url: ^/api/account/1
    method: GET
  response:
    status: 200
    file: ./json/account.json

- request:
    url: ^/api/movement/3
    method: GET
  response:
    status: 200
    file: ./json/movement.json

#######  stubs\perfil\perfil.yaml  #####################################

- request:
    url: ^/perfil
    method: GET
  response:
    status: 200
    file: ./perfil/perfilData.json

